Nosema Bait on 15-Jul-1994
90  280  StartDay  EndDay 
91.0 0.0 22.727 0.100  Warm Grass
91.0 0.0 22.727 1.000  Cool Grass
91.0 0.0 22.727 0.100  Forbs
92.0 0.2 23.468 0.100  Warm Grass
92.0 0.2 23.468 1.000  Cool Grass
92.0 0.2 23.468 0.100  Forbs
93.0 0.0 23.239 0.100  Warm Grass
93.0 0.0 23.239 1.000  Cool Grass
93.0 0.0 23.239 0.100  Forbs
94.0 0.0 22.867 0.100  Warm Grass
94.0 0.0 22.867 1.000  Cool Grass
94.0 0.0 22.867 0.100  Forbs
95.0 0.0 22.501 0.100  Warm Grass
95.0 0.0 22.501 1.000  Cool Grass
95.0 0.0 22.501 0.100  Forbs
96.0 0.0 22.141 0.100  Warm Grass
96.0 0.0 22.141 1.000  Cool Grass
96.0 0.0 22.141 0.100  Forbs
97.0 0.0 21.787 0.100  Warm Grass
97.0 0.0 21.787 1.088  Cool Grass
97.0 0.0 21.787 0.115  Forbs
98.0 0.1 22.031 0.100  Warm Grass
98.0 0.1 22.031 1.184  Cool Grass
98.0 0.1 22.031 0.132  Forbs
99.0 0.0 21.679 0.100  Warm Grass
99.0 0.0 21.679 1.288  Cool Grass
99.0 0.0 21.679 0.152  Forbs
100.0 0.5 23.738 0.109  Warm Grass
100.0 0.5 23.738 1.400  Cool Grass
100.0 0.5 23.738 0.175  Forbs
101.0 0.0 23.408 0.109  Warm Grass
101.0 0.0 23.408 1.400  Cool Grass
101.0 0.0 23.408 0.175  Forbs
102.0 0.1 23.423 0.109  Warm Grass
102.0 0.1 23.423 1.400  Cool Grass
102.0 0.1 23.423 0.175  Forbs
103.0 0.0 23.048 0.109  Warm Grass
103.0 0.0 23.048 1.522  Cool Grass
103.0 0.0 23.048 0.201  Forbs
104.0 0.6 25.000 0.109  Warm Grass
104.0 0.6 25.000 1.522  Cool Grass
104.0 0.6 25.000 0.201  Forbs
105.0 0.1 25.000 0.109  Warm Grass
105.0 0.1 25.000 1.522  Cool Grass
105.0 0.1 25.000 0.201  Forbs
106.0 0.0 24.600 0.119  Warm Grass
106.0 0.0 24.600 1.654  Cool Grass
106.0 0.0 24.600 0.231  Forbs
107.0 0.2 25.000 0.130  Warm Grass
107.0 0.2 25.000 1.797  Cool Grass
107.0 0.2 25.000 0.265  Forbs
108.0 0.0 24.600 0.142  Warm Grass
108.0 0.0 24.600 1.951  Cool Grass
108.0 0.0 24.600 0.305  Forbs
109.0 0.0 24.411 0.142  Warm Grass
109.0 0.0 24.411 1.951  Cool Grass
109.0 0.0 24.411 0.305  Forbs
110.0 0.0 24.020 0.142  Warm Grass
110.0 0.0 24.020 2.117  Cool Grass
110.0 0.0 24.020 0.350  Forbs
111.0 0.0 23.636 0.142  Warm Grass
111.0 0.0 23.636 2.117  Cool Grass
111.0 0.0 23.636 0.350  Forbs
112.0 0.0 23.258 0.142  Warm Grass
112.0 0.0 23.258 2.297  Cool Grass
112.0 0.0 23.258 0.402  Forbs
113.0 0.0 23.031 0.142  Warm Grass
113.0 0.0 23.031 2.297  Cool Grass
113.0 0.0 23.031 0.402  Forbs
114.0 0.0 22.662 0.142  Warm Grass
114.0 0.0 22.662 2.491  Cool Grass
114.0 0.0 22.662 0.461  Forbs
115.0 0.3 23.697 0.142  Warm Grass
115.0 0.3 23.697 2.700  Cool Grass
115.0 0.3 23.697 0.529  Forbs
116.0 0.0 23.515 0.142  Warm Grass
116.0 0.0 23.515 2.924  Cool Grass
116.0 0.0 23.515 0.607  Forbs
117.0 0.0 23.139 0.154  Warm Grass
117.0 0.0 23.139 3.166  Cool Grass
117.0 0.0 23.139 0.695  Forbs
118.0 0.0 22.769 0.168  Warm Grass
118.0 0.0 22.769 3.425  Cool Grass
118.0 0.0 22.769 0.796  Forbs
119.0 0.0 22.405 0.184  Warm Grass
119.0 0.0 22.405 3.702  Cool Grass
119.0 0.0 22.405 0.911  Forbs
120.0 0.0 22.046 0.200  Warm Grass
120.0 0.0 22.046 3.999  Cool Grass
120.0 0.0 22.046 1.042  Forbs
121.0 0.0 21.694 0.218  Warm Grass
121.0 0.0 21.694 4.316  Cool Grass
121.0 0.0 21.694 1.190  Forbs
122.0 0.0 21.482 0.218  Warm Grass
122.0 0.0 21.482 4.655  Cool Grass
122.0 0.0 21.482 1.358  Forbs
123.0 0.1 21.676 0.238  Warm Grass
123.0 0.1 21.676 5.015  Cool Grass
123.0 0.1 21.676 1.548  Forbs
124.0 0.0 21.330 0.259  Warm Grass
124.0 0.0 21.330 5.398  Cool Grass
124.0 0.0 21.330 1.762  Forbs
125.0 0.0 20.989 0.282  Warm Grass
125.0 0.0 20.989 5.803  Cool Grass
125.0 0.0 20.989 2.002  Forbs
126.0 0.0 20.653 0.308  Warm Grass
126.0 0.0 20.653 6.233  Cool Grass
126.0 0.0 20.653 2.272  Forbs
127.0 0.0 20.323 0.335  Warm Grass
127.0 0.0 20.323 6.686  Cool Grass
127.0 0.0 20.323 2.572  Forbs
128.0 0.0 19.998 0.335  Warm Grass
128.0 0.0 19.998 7.163  Cool Grass
128.0 0.0 19.998 2.907  Forbs
129.0 0.0 19.678 0.335  Warm Grass
129.0 0.0 19.678 7.665  Cool Grass
129.0 0.0 19.678 3.276  Forbs
130.0 0.0 19.363 0.335  Warm Grass
130.0 0.0 19.363 8.190  Cool Grass
130.0 0.0 19.363 3.683  Forbs
131.0 0.0 19.054 0.365  Warm Grass
131.0 0.0 19.054 8.738  Cool Grass
131.0 0.0 19.054 4.128  Forbs
132.0 0.0 18.749 0.397  Warm Grass
132.0 0.0 18.749 9.309  Cool Grass
132.0 0.0 18.749 4.612  Forbs
133.0 0.0 18.449 0.433  Warm Grass
133.0 0.0 18.449 9.901  Cool Grass
133.0 0.0 18.449 5.134  Forbs
134.0 0.0 18.154 0.433  Warm Grass
134.0 0.0 18.154 10.513  Cool Grass
134.0 0.0 18.154 5.694  Forbs
135.0 0.0 17.864 0.433  Warm Grass
135.0 0.0 17.864 11.145  Cool Grass
135.0 0.0 17.864 6.288  Forbs
136.0 0.0 17.578 0.471  Warm Grass
136.0 0.0 17.578 11.793  Cool Grass
136.0 0.0 17.578 6.914  Forbs
137.0 0.0 17.297 0.512  Warm Grass
137.0 0.0 17.297 12.457  Cool Grass
137.0 0.0 17.297 7.568  Forbs
138.0 0.0 17.021 0.557  Warm Grass
138.0 0.0 17.021 13.134  Cool Grass
138.0 0.0 17.021 8.242  Forbs
139.0 0.0 16.749 0.606  Warm Grass
139.0 0.0 16.749 13.821  Cool Grass
139.0 0.0 16.749 8.931  Forbs
140.0 0.2 17.078 0.659  Warm Grass
140.0 0.2 17.078 14.516  Cool Grass
140.0 0.2 17.078 9.628  Forbs
141.0 0.0 16.805 0.716  Warm Grass
141.0 0.0 16.805 15.216  Cool Grass
141.0 0.0 16.805 10.324  Forbs
142.0 0.0 16.537 0.777  Warm Grass
142.0 0.0 16.537 15.918  Cool Grass
142.0 0.0 16.537 11.012  Forbs
143.0 0.0 16.272 0.844  Warm Grass
143.0 0.0 16.272 16.619  Cool Grass
143.0 0.0 16.272 11.684  Forbs
144.0 0.0 16.012 0.916  Warm Grass
144.0 0.0 16.012 17.317  Cool Grass
144.0 0.0 16.012 12.333  Forbs
145.0 0.0 15.789 0.994  Warm Grass
145.0 0.0 15.789 18.009  Cool Grass
145.0 0.0 15.789 12.953  Forbs
146.0 0.0 15.537 1.078  Warm Grass
146.0 0.0 15.537 18.691  Cool Grass
146.0 0.0 15.537 13.538  Forbs
147.0 0.6 17.519 1.168  Warm Grass
147.0 0.6 17.519 19.362  Cool Grass
147.0 0.6 17.519 14.085  Forbs
148.0 0.3 18.551 1.264  Warm Grass
148.0 0.3 18.551 20.018  Cool Grass
148.0 0.3 18.551 14.592  Forbs
149.0 0.0 18.254 1.368  Warm Grass
149.0 0.0 18.254 20.657  Cool Grass
149.0 0.0 18.254 15.056  Forbs
150.0 0.0 17.962 1.480  Warm Grass
150.0 0.0 17.962 21.278  Cool Grass
150.0 0.0 17.962 15.478  Forbs
151.0 0.0 17.712 1.599  Warm Grass
151.0 0.0 17.712 21.879  Cool Grass
151.0 0.0 17.712 15.858  Forbs
152.0 0.3 18.443 1.726  Warm Grass
152.0 0.3 18.443 22.457  Cool Grass
152.0 0.3 18.443 16.199  Forbs
153.0 0.0 18.225 1.862  Warm Grass
153.0 0.0 18.225 23.012  Cool Grass
153.0 0.0 18.225 16.502  Forbs
154.0 0.0 17.933 2.007  Warm Grass
154.0 0.0 17.933 23.544  Cool Grass
154.0 0.0 17.933 16.769  Forbs
155.0 0.0 17.647 2.161  Warm Grass
155.0 0.0 17.647 24.050  Cool Grass
155.0 0.0 17.647 17.005  Forbs
156.0 0.0 17.511 2.324  Warm Grass
156.0 0.0 17.511 24.532  Cool Grass
156.0 0.0 17.511 17.211  Forbs
157.0 0.0 17.231 2.497  Warm Grass
157.0 0.0 17.231 24.988  Cool Grass
157.0 0.0 17.231 17.391  Forbs
158.0 0.0 16.955 2.679  Warm Grass
158.0 0.0 16.955 25.419  Cool Grass
158.0 0.0 16.955 17.547  Forbs
159.0 0.0 16.684 2.871  Warm Grass
159.0 0.0 16.684 25.824  Cool Grass
159.0 0.0 16.684 17.682  Forbs
160.0 0.0 16.417 3.073  Warm Grass
160.0 0.0 16.417 26.206  Cool Grass
160.0 0.0 16.417 17.798  Forbs
161.0 0.0 16.155 3.284  Warm Grass
161.0 0.0 16.155 26.563  Cool Grass
161.0 0.0 16.155 17.899  Forbs
162.0 0.0 15.896 3.505  Warm Grass
162.0 0.0 15.896 26.897  Cool Grass
162.0 0.0 15.896 17.985  Forbs
163.0 0.0 15.642 3.735  Warm Grass
163.0 0.0 15.642 27.209  Cool Grass
163.0 0.0 15.642 18.059  Forbs
164.0 0.0 15.392 3.973  Warm Grass
164.0 0.0 15.392 27.500  Cool Grass
164.0 0.0 15.392 18.123  Forbs
165.0 0.0 15.210 4.220  Warm Grass
165.0 0.0 15.210 27.770  Cool Grass
165.0 0.0 15.210 18.177  Forbs
166.0 0.3 16.105 4.474  Warm Grass
166.0 0.3 16.105 28.020  Cool Grass
166.0 0.3 16.105 18.223  Forbs
167.0 0.3 16.735 4.474  Warm Grass
167.0 0.3 16.735 28.252  Cool Grass
167.0 0.3 16.735 18.263  Forbs
168.0 0.0 16.468 4.735  Warm Grass
168.0 0.0 16.468 28.466  Cool Grass
168.0 0.0 16.468 18.297  Forbs
169.0 0.0 16.204 5.002  Warm Grass
169.0 0.0 16.204 28.664  Cool Grass
169.0 0.0 16.204 18.326  Forbs
170.0 0.0 15.945 5.274  Warm Grass
170.0 0.0 15.945 28.846  Cool Grass
170.0 0.0 15.945 18.350  Forbs
171.0 0.0 15.690 5.551  Warm Grass
171.0 0.0 15.690 29.015  Cool Grass
171.0 0.0 15.690 18.371  Forbs
172.0 0.0 15.439 5.830  Warm Grass
172.0 0.0 15.439 29.169  Cool Grass
172.0 0.0 15.439 18.389  Forbs
173.0 0.0 15.192 6.111  Warm Grass
173.0 0.0 15.192 29.311  Cool Grass
173.0 0.0 15.192 18.404  Forbs
174.0 0.0 14.949 6.394  Warm Grass
174.0 0.0 14.949 29.442  Cool Grass
174.0 0.0 14.949 18.417  Forbs
175.0 0.0 14.710 6.502  Warm Grass
175.0 0.0 14.710 28.792  Cool Grass
175.0 0.0 14.710 18.260  Forbs
176.0 0.0 14.475 6.602  Warm Grass
176.0 0.0 14.475 28.192  Cool Grass
176.0 0.0 14.475 18.123  Forbs
177.0 0.1 14.454 6.701  Warm Grass
177.0 0.1 14.454 27.658  Cool Grass
177.0 0.1 14.454 18.008  Forbs
178.0 0.0 14.223 6.794  Warm Grass
178.0 0.0 14.223 27.171  Cool Grass
178.0 0.0 14.223 17.908  Forbs
179.0 0.0 13.996 6.881  Warm Grass
179.0 0.0 13.996 26.718  Cool Grass
179.0 0.0 13.996 17.819  Forbs
180.0 0.0 13.772 6.966  Warm Grass
180.0 0.0 13.772 26.308  Cool Grass
180.0 0.0 13.772 17.741  Forbs
181.0 0.0 13.552 7.048  Warm Grass
181.0 0.0 13.552 25.941  Cool Grass
181.0 0.0 13.552 17.674  Forbs
182.0 0.2 14.023 7.131  Warm Grass
182.0 0.2 14.023 25.623  Cool Grass
182.0 0.2 14.023 17.619  Forbs
183.0 0.2 14.510 7.216  Warm Grass
183.0 0.2 14.510 25.345  Cool Grass
183.0 0.2 14.510 17.574  Forbs
184.0 0.2 14.734 7.299  Warm Grass
184.0 0.2 14.734 25.101  Cool Grass
184.0 0.2 14.734 17.534  Forbs
185.0 0.0 14.529 7.383  Warm Grass
185.0 0.0 14.529 24.889  Cool Grass
185.0 0.0 14.529 17.499  Forbs
186.0 0.0 14.297 7.467  Warm Grass
186.0 0.0 14.297 24.705  Cool Grass
186.0 0.0 14.297 17.468  Forbs
187.0 0.2 14.609 7.553  Warm Grass
187.0 0.2 14.609 24.554  Cool Grass
187.0 0.2 14.609 17.442  Forbs
188.0 0.0 14.375 7.640  Warm Grass
188.0 0.0 14.375 24.431  Cool Grass
188.0 0.0 14.375 17.420  Forbs
189.0 0.5 15.577 7.730  Warm Grass
189.0 0.5 15.577 24.338  Cool Grass
189.0 0.5 15.577 17.403  Forbs
190.0 0.1 15.718 7.823  Warm Grass
190.0 0.1 15.718 24.274  Cool Grass
190.0 0.1 15.718 17.392  Forbs
191.0 0.0 15.532 7.916  Warm Grass
191.0 0.0 15.532 23.767  Cool Grass
191.0 0.0 15.532 17.384  Forbs
192.0 0.0 15.283 8.007  Warm Grass
192.0 0.0 15.283 23.278  Cool Grass
192.0 0.0 15.283 17.375  Forbs
193.0 0.3 15.848 8.098  Warm Grass
193.0 0.3 15.848 22.810  Cool Grass
193.0 0.3 15.848 17.367  Forbs
194.0 0.0 15.594 8.188  Warm Grass
194.0 0.0 15.594 22.361  Cool Grass
194.0 0.0 15.594 17.360  Forbs
195.0 0.0 15.345 8.277  Warm Grass
195.0 0.0 15.345 21.931  Cool Grass
195.0 0.0 15.345 17.354  Forbs
196.0 0.0 15.100 8.368  Warm Grass
196.0 0.0 15.100 21.525  Cool Grass
196.0 0.0 15.100 17.349  Forbs
197.0 0.0 14.858 8.462  Warm Grass
197.0 0.0 14.858 21.143  Cool Grass
197.0 0.0 14.858 17.348  Forbs
198.0 0.0 14.621 8.557  Warm Grass
198.0 0.0 14.621 20.783  Cool Grass
198.0 0.0 14.621 17.350  Forbs
199.0 0.0 14.387 8.654  Warm Grass
199.0 0.0 14.387 20.446  Cool Grass
199.0 0.0 14.387 17.356  Forbs
200.0 0.0 14.157 8.753  Warm Grass
200.0 0.0 14.157 20.132  Cool Grass
200.0 0.0 14.157 17.367  Forbs
201.0 0.0 13.960 8.854  Warm Grass
201.0 0.0 13.960 19.838  Cool Grass
201.0 0.0 13.960 17.382  Forbs
202.0 0.0 13.765 8.957  Warm Grass
202.0 0.0 13.765 19.563  Cool Grass
202.0 0.0 13.765 17.401  Forbs
203.0 0.1 13.774 9.061  Warm Grass
203.0 0.1 13.774 19.307  Cool Grass
203.0 0.1 13.774 17.423  Forbs
204.0 0.0 13.554 9.165  Warm Grass
204.0 0.0 13.554 19.067  Cool Grass
204.0 0.0 13.554 17.446  Forbs
205.0 0.0 13.337 9.269  Warm Grass
205.0 0.0 13.337 18.840  Cool Grass
205.0 0.0 13.337 17.467  Forbs
206.0 0.0 13.207 9.372  Warm Grass
206.0 0.0 13.207 18.627  Cool Grass
206.0 0.0 13.207 17.490  Forbs
207.0 0.0 12.995 9.476  Warm Grass
207.0 0.0 12.995 18.428  Cool Grass
207.0 0.0 12.995 17.514  Forbs
208.0 0.0 12.788 9.578  Warm Grass
208.0 0.0 12.788 18.241  Cool Grass
208.0 0.0 12.788 17.539  Forbs
209.0 0.0 12.583 9.680  Warm Grass
209.0 0.0 12.583 18.066  Cool Grass
209.0 0.0 12.583 17.565  Forbs
210.0 0.0 12.382 9.781  Warm Grass
210.0 0.0 12.382 17.903  Cool Grass
210.0 0.0 12.382 17.592  Forbs
211.0 0.0 12.184 9.881  Warm Grass
211.0 0.0 12.184 17.750  Cool Grass
211.0 0.0 12.184 17.619  Forbs
212.0 0.0 11.989 9.980  Warm Grass
212.0 0.0 11.989 17.607  Cool Grass
212.0 0.0 11.989 17.647  Forbs
213.0 0.0 11.797 10.077  Warm Grass
213.0 0.0 11.797 17.474  Cool Grass
213.0 0.0 11.797 17.676  Forbs
214.0 0.0 11.609 10.173  Warm Grass
214.0 0.0 11.609 17.351  Cool Grass
214.0 0.0 11.609 17.705  Forbs
215.0 0.0 11.423 10.267  Warm Grass
215.0 0.0 11.423 17.235  Cool Grass
215.0 0.0 11.423 17.734  Forbs
216.0 0.1 11.359 10.359  Warm Grass
216.0 0.1 11.359 17.128  Cool Grass
216.0 0.1 11.359 17.764  Forbs
217.0 0.0 11.177 10.450  Warm Grass
217.0 0.0 11.177 17.029  Cool Grass
217.0 0.0 11.177 17.792  Forbs
218.0 0.0 10.999 10.538  Warm Grass
218.0 0.0 10.999 16.936  Cool Grass
218.0 0.0 10.999 17.818  Forbs
219.0 0.0 10.823 10.624  Warm Grass
219.0 0.0 10.823 16.850  Cool Grass
219.0 0.0 10.823 17.840  Forbs
220.0 0.5 11.752 10.707  Warm Grass
220.0 0.5 11.752 16.770  Cool Grass
220.0 0.5 11.752 17.874  Forbs
221.0 0.0 11.564 10.787  Warm Grass
221.0 0.0 11.564 16.695  Cool Grass
221.0 0.0 11.564 17.905  Forbs
222.0 0.0 11.379 10.865  Warm Grass
222.0 0.0 11.379 16.626  Cool Grass
222.0 0.0 11.379 17.935  Forbs
223.0 0.0 11.197 10.941  Warm Grass
223.0 0.0 11.197 16.561  Cool Grass
223.0 0.0 11.197 17.963  Forbs
224.0 0.0 11.018 11.014  Warm Grass
224.0 0.0 11.018 16.502  Cool Grass
224.0 0.0 11.018 17.988  Forbs
225.0 0.0 10.842 11.084  Warm Grass
225.0 0.0 10.842 16.446  Cool Grass
225.0 0.0 10.842 18.010  Forbs
226.0 0.0 10.669 11.151  Warm Grass
226.0 0.0 10.669 16.395  Cool Grass
226.0 0.0 10.669 18.029  Forbs
227.0 0.0 10.498 11.216  Warm Grass
227.0 0.0 10.498 16.347  Cool Grass
227.0 0.0 10.498 18.043  Forbs
228.0 0.0 10.330 11.278  Warm Grass
228.0 0.0 10.330 16.303  Cool Grass
228.0 0.0 10.330 18.052  Forbs
229.0 0.0 10.165 11.337  Warm Grass
229.0 0.0 10.165 16.262  Cool Grass
229.0 0.0 10.165 18.056  Forbs
230.0 0.0 10.002 11.393  Warm Grass
230.0 0.0 10.002 16.224  Cool Grass
230.0 0.0 10.002 18.055  Forbs
231.0 0.0 9.842 11.447  Warm Grass
231.0 0.0 9.842 16.188  Cool Grass
231.0 0.0 9.842 18.048  Forbs
232.0 0.0 9.685 11.499  Warm Grass
232.0 0.0 9.685 16.155  Cool Grass
232.0 0.0 9.685 18.038  Forbs
233.0 0.0 9.530 11.547  Warm Grass
233.0 0.0 9.530 16.125  Cool Grass
233.0 0.0 9.530 18.025  Forbs
234.0 0.0 9.378 11.593  Warm Grass
234.0 0.0 9.378 16.097  Cool Grass
234.0 0.0 9.378 18.010  Forbs
235.0 0.0 9.228 11.636  Warm Grass
235.0 0.0 9.228 16.070  Cool Grass
235.0 0.0 9.228 17.994  Forbs
236.0 0.0 9.080 11.674  Warm Grass
236.0 0.0 9.080 16.046  Cool Grass
236.0 0.0 9.080 17.978  Forbs
237.0 0.0 8.954 11.706  Warm Grass
237.0 0.0 8.954 16.023  Cool Grass
237.0 0.0 8.954 17.962  Forbs
238.0 0.0 8.811 11.729  Warm Grass
238.0 0.0 8.811 16.003  Cool Grass
238.0 0.0 8.811 17.946  Forbs
239.0 0.0 8.670 11.740  Warm Grass
239.0 0.0 8.670 15.983  Cool Grass
239.0 0.0 8.670 17.931  Forbs
240.0 0.0 8.531 11.740  Warm Grass
240.0 0.0 8.531 15.964  Cool Grass
240.0 0.0 8.531 17.916  Forbs
241.0 0.0 8.395 11.733  Warm Grass
241.0 0.0 8.395 15.946  Cool Grass
241.0 0.0 8.395 17.902  Forbs
242.0 0.0 8.278 11.720  Warm Grass
242.0 0.0 8.278 15.930  Cool Grass
242.0 0.0 8.278 17.888  Forbs
243.0 0.0 8.146 11.709  Warm Grass
243.0 0.0 8.146 15.914  Cool Grass
243.0 0.0 8.146 17.875  Forbs
244.0 0.0 8.015 11.698  Warm Grass
244.0 0.0 8.015 15.899  Cool Grass
244.0 0.0 8.015 17.863  Forbs
245.0 0.0 7.887 11.687  Warm Grass
245.0 0.0 7.887 15.885  Cool Grass
245.0 0.0 7.887 17.852  Forbs
246.0 0.2 8.009 11.678  Warm Grass
246.0 0.2 8.009 15.871  Cool Grass
246.0 0.2 8.009 17.841  Forbs
247.0 0.0 7.881 11.669  Warm Grass
247.0 0.0 7.881 15.859  Cool Grass
247.0 0.0 7.881 17.830  Forbs
248.0 0.0 7.755 11.660  Warm Grass
248.0 0.0 7.755 15.847  Cool Grass
248.0 0.0 7.755 17.821  Forbs
249.0 0.0 7.631 11.652  Warm Grass
249.0 0.0 7.631 15.836  Cool Grass
249.0 0.0 7.631 17.811  Forbs
250.0 0.0 7.509 11.644  Warm Grass
250.0 0.0 7.509 15.825  Cool Grass
250.0 0.0 7.509 17.802  Forbs
251.0 0.0 7.389 11.637  Warm Grass
251.0 0.0 7.389 15.815  Cool Grass
251.0 0.0 7.389 17.794  Forbs
252.0 0.2 7.534 11.630  Warm Grass
252.0 0.2 7.534 15.805  Cool Grass
252.0 0.2 7.534 17.786  Forbs
253.0 0.0 7.414 11.623  Warm Grass
253.0 0.0 7.414 15.796  Cool Grass
253.0 0.0 7.414 17.779  Forbs
254.0 0.0 7.295 11.617  Warm Grass
254.0 0.0 7.295 15.788  Cool Grass
254.0 0.0 7.295 17.772  Forbs
255.0 0.0 7.179 11.611  Warm Grass
255.0 0.0 7.179 15.780  Cool Grass
255.0 0.0 7.179 17.765  Forbs
256.0 0.0 7.123 11.605  Warm Grass
256.0 0.0 7.123 15.772  Cool Grass
256.0 0.0 7.123 17.759  Forbs
257.0 0.0 7.039 11.600  Warm Grass
257.0 0.0 7.039 15.765  Cool Grass
257.0 0.0 7.039 17.753  Forbs
258.0 0.0 6.984 11.595  Warm Grass
258.0 0.0 6.984 15.758  Cool Grass
258.0 0.0 6.984 17.747  Forbs
259.0 0.0 6.873 11.590  Warm Grass
259.0 0.0 6.873 15.752  Cool Grass
259.0 0.0 6.873 17.742  Forbs
260.0 0.0 6.763 11.586  Warm Grass
260.0 0.0 6.763 15.746  Cool Grass
260.0 0.0 6.763 17.737  Forbs
261.0 0.0 6.655 11.582  Warm Grass
261.0 0.0 6.655 15.740  Cool Grass
261.0 0.0 6.655 17.732  Forbs
262.0 0.0 6.548 11.578  Warm Grass
262.0 0.0 6.548 15.735  Cool Grass
262.0 0.0 6.548 17.728  Forbs
263.0 0.0 6.444 11.574  Warm Grass
263.0 0.0 6.444 15.730  Cool Grass
263.0 0.0 6.444 17.724  Forbs
264.0 0.0 6.341 11.570  Warm Grass
264.0 0.0 6.341 15.725  Cool Grass
264.0 0.0 6.341 17.720  Forbs
265.0 0.0 6.239 11.567  Warm Grass
265.0 0.0 6.239 15.720  Cool Grass
265.0 0.0 6.239 17.716  Forbs
266.0 0.0 6.139 11.564  Warm Grass
266.0 0.0 6.139 15.716  Cool Grass
266.0 0.0 6.139 17.712  Forbs
267.0 0.0 6.041 11.561  Warm Grass
267.0 0.0 6.041 15.712  Cool Grass
267.0 0.0 6.041 17.709  Forbs
268.0 0.0 5.945 11.558  Warm Grass
268.0 0.0 5.945 15.708  Cool Grass
268.0 0.0 5.945 17.706  Forbs
269.0 0.0 5.850 11.555  Warm Grass
269.0 0.0 5.850 15.704  Cool Grass
269.0 0.0 5.850 17.703  Forbs
270.0 0.3 6.194 11.553  Warm Grass
270.0 0.3 6.194 15.701  Cool Grass
270.0 0.3 6.194 17.700  Forbs
271.0 0.1 6.159 11.551  Warm Grass
271.0 0.1 6.159 15.698  Cool Grass
271.0 0.1 6.159 17.697  Forbs
272.0 0.0 6.061 11.548  Warm Grass
272.0 0.0 6.061 15.695  Cool Grass
272.0 0.0 6.061 17.695  Forbs
273.0 0.0 5.964 11.546  Warm Grass
273.0 0.0 5.964 15.692  Cool Grass
273.0 0.0 5.964 17.692  Forbs
274.0 0.0 5.869 11.544  Warm Grass
274.0 0.0 5.869 15.689  Cool Grass
274.0 0.0 5.869 17.690  Forbs
275.0 0.0 5.775 11.542  Warm Grass
275.0 0.0 5.775 15.686  Cool Grass
275.0 0.0 5.775 17.688  Forbs
276.0 0.0 5.682 11.540  Warm Grass
276.0 0.0 5.682 15.684  Cool Grass
276.0 0.0 5.682 17.686  Forbs
277.0 0.0 5.682 11.538  Warm Grass
277.0 0.0 5.682 15.681  Cool Grass
277.0 0.0 5.682 17.684  Forbs
278.0 0.0 5.694 11.536  Warm Grass
278.0 0.0 5.694 15.679  Cool Grass
278.0 0.0 5.694 17.681  Forbs
279.0 0.0 5.694 11.535  Warm Grass
279.0 0.0 5.694 15.676  Cool Grass
279.0 0.0 5.694 17.679  Forbs
280.0 0.0 5.694 11.533  Warm Grass
280.0 0.0 5.694 15.673  Cool Grass
280.0 0.0 5.694 17.677  Forbs
281.0 0.0 5.694 11.531  Warm Grass
281.0 0.0 5.694 15.671  Cool Grass
281.0 0.0 5.694 17.675  Forbs
