91 0.00 0.00 0.00 0.00 0.00 0.00 0.000
92 0.00 0.00 0.00 0.00 0.00 0.00 0.000
93 0.00 0.00 0.00 0.00 0.00 0.00 0.000
94 0.00 0.00 0.00 0.00 0.00 0.00 0.000
95 0.00 0.00 0.00 0.00 0.00 0.00 0.000
96 0.00 0.00 0.00 0.00 0.00 0.00 0.000
97 0.00 0.00 0.00 0.00 0.00 0.00 0.000
98 0.00 0.00 0.00 0.00 0.00 0.00 0.000
99 0.00 0.00 0.00 0.00 0.00 0.00 0.000
100 0.00 0.00 0.00 0.00 0.00 0.00 0.000
101 0.00 0.00 0.00 0.00 0.00 0.00 0.000
102 0.00 0.00 0.00 0.00 0.00 0.00 0.000
103 0.00 0.00 0.00 0.00 0.00 0.00 0.000
104 0.00 0.00 0.00 0.00 0.00 0.00 0.000
105 0.00 0.00 0.00 0.00 0.00 0.00 0.000
106 0.00 0.00 0.00 0.00 0.00 0.00 0.000
107 0.00 0.00 0.00 0.00 0.00 0.00 0.000
108 0.00 0.00 0.00 0.00 0.00 0.00 0.000
109 0.00 0.00 0.00 0.00 0.00 0.00 0.000
110 0.00 0.00 0.00 0.00 0.00 0.00 0.000
111 0.00 0.00 0.00 0.00 0.00 0.00 0.000
112 0.00 0.00 0.00 0.00 0.00 0.00 0.000
113 0.00 0.00 0.00 0.00 0.00 0.00 0.000
114 0.00 0.00 0.00 0.00 0.00 0.00 0.000
115 0.00 0.00 0.00 0.00 0.00 0.00 0.000
116 0.00 0.00 0.00 0.00 0.00 0.00 0.000
117 0.00 0.00 0.00 0.00 0.00 0.00 0.000
118 0.00 0.00 0.00 0.00 0.00 0.00 0.000
119 0.00 0.00 0.00 0.00 0.00 0.00 0.000
120 0.00 0.00 0.00 0.00 0.00 0.00 0.000
121 0.00 0.00 0.00 0.00 0.00 0.00 0.000
122 0.00 0.00 0.00 0.00 0.00 0.00 0.000
123 0.00 0.00 0.00 0.00 0.00 0.00 0.000
124 0.00 0.00 0.00 0.00 0.00 0.00 0.000
125 0.00 0.00 0.00 0.00 0.00 0.00 0.000
126 0.00 0.00 0.00 0.00 0.00 0.00 0.000
127 0.00 0.00 0.00 0.00 0.00 0.00 0.000
128 0.00 0.00 0.00 0.00 0.00 0.00 0.000
129 0.00 0.00 0.00 0.00 0.00 0.00 0.000
130 0.00 0.00 0.00 0.00 0.00 0.00 0.000
131 0.00 0.00 0.00 0.00 0.00 0.00 0.000
132 0.00 0.00 0.00 0.00 0.00 0.00 0.000
133 0.00 0.00 0.00 0.00 0.00 0.00 0.000
134 0.00 0.00 0.00 0.00 0.00 0.00 0.000
135 0.00 0.00 0.00 0.00 0.00 0.00 0.000
136 0.00 0.00 0.00 0.00 0.00 0.00 0.000
137 0.00 0.00 0.00 0.00 0.00 0.00 0.000
138 0.00 0.00 0.00 0.00 0.00 0.00 0.000
139 0.00 0.00 0.00 0.00 0.00 0.00 0.000
140 0.00 0.00 0.00 0.00 0.00 0.00 0.000
141 0.00 0.00 0.00 0.00 0.00 0.00 0.000
142 0.00 0.00 0.00 0.00 0.00 0.00 0.000
143 0.00 0.00 0.00 0.00 0.00 0.00 0.000
144 0.00 0.00 0.00 0.00 0.00 0.00 0.000
145 0.00 0.00 0.00 0.00 0.00 0.00 0.000
146 0.00 0.00 0.00 0.00 0.00 0.00 0.000
147 0.00 0.00 0.00 0.00 0.00 0.00 0.000
148 0.00 0.00 0.00 0.00 0.00 0.00 0.000
149 0.00 0.00 0.00 0.00 0.00 0.00 0.000
150 0.00 0.00 0.00 0.00 0.00 0.00 0.000
151 0.00 0.00 0.00 0.00 0.00 0.00 0.000
152 0.00 0.00 0.00 0.00 0.00 0.00 0.000
153 0.00 0.00 0.00 0.00 0.00 0.00 0.000
154 0.00 0.00 0.00 0.00 0.00 0.00 0.000
155 0.00 0.00 0.00 0.00 0.00 0.00 0.000
156 0.00 0.00 0.00 0.00 0.00 0.00 0.000
157 0.00 0.00 0.00 0.00 0.00 0.00 0.000
158 0.00 0.00 0.00 0.00 0.00 0.00 0.000
159 0.00 0.00 0.00 0.00 0.00 0.00 0.000
160 0.00 0.00 0.00 0.00 0.00 0.00 0.000
161 0.00 0.00 0.00 0.00 0.00 0.00 0.000
162 0.00 0.00 0.00 0.00 0.00 0.00 0.000
163 0.00 0.00 0.00 0.00 0.00 0.00 0.000
164 0.00 0.00 0.00 0.00 0.00 0.00 0.000
165 0.00 0.00 0.00 0.00 0.00 0.00 0.000
166 0.00 0.00 0.00 0.00 0.00 0.00 0.000
167 0.00 0.00 0.00 0.00 0.00 0.00 0.000
168 0.00 0.00 0.00 0.00 0.00 0.00 0.000
169 0.00 0.00 0.00 0.00 0.00 0.00 0.000
170 0.00 0.00 0.00 0.00 0.00 0.00 0.000
171 0.00 0.00 0.00 0.00 0.00 0.00 0.000
172 0.00 0.00 0.00 0.00 0.00 0.00 0.000
173 0.00 0.00 0.00 0.00 0.00 0.00 0.000
174 0.00 0.00 0.00 0.00 0.00 0.00 0.000
175 2.29 7.08 16.37 10.90 11.88 7.24 1.112
176 1.89 5.96 15.11 10.66 11.15 7.92 1.124
177 1.65 5.25 14.01 10.30 10.46 8.11 1.104
178 1.39 4.46 12.79 10.08 9.76 8.57 1.103
179 1.13 3.67 11.47 9.93 9.06 9.18 1.113
180 0.96 3.12 10.34 9.67 8.47 9.45 1.103
181 0.81 2.65 9.26 9.38 7.94 9.65 1.090
182 0.72 2.35 8.45 8.99 7.48 9.52 1.057
183 0.62 2.03 7.59 8.63 7.07 9.51 1.033
184 0.52 1.71 6.69 8.28 6.72 9.57 1.016
185 0.44 1.45 5.88 7.89 6.43 9.57 0.997
186 0.37 1.20 5.08 7.46 6.20 9.58 0.980
187 0.32 1.04 4.48 7.02 5.98 9.41 0.953
188 0.27 0.87 3.88 6.55 5.82 9.31 0.930
189 0.24 0.76 3.44 6.12 5.62 9.06 0.898
190 0.21 0.66 3.05 5.69 5.43 8.80 0.867
191 0.18 0.57 2.65 5.24 5.29 8.61 0.841
192 0.15 0.46 2.21 4.73 5.21 8.52 0.823
193 0.12 0.39 1.87 4.26 5.09 8.38 0.801
194 0.11 0.32 1.58 3.81 4.96 8.23 0.778
195 0.09 0.27 1.31 3.35 4.82 8.13 0.759
196 0.07 0.21 1.07 2.87 4.57 7.90 0.729
197 0.06 0.17 0.87 2.44 4.30 7.68 0.698
198 0.05 0.14 0.71 2.07 4.00 7.45 0.667
199 0.04 0.12 0.59 1.78 3.70 7.17 0.635
200 0.03 0.10 0.50 1.54 3.41 6.87 0.602
201 0.03 0.09 0.43 1.35 3.14 6.55 0.568
202 0.03 0.07 0.37 1.15 2.86 6.28 0.539
203 0.02 0.06 0.32 1.01 2.62 5.98 0.508
204 0.02 0.05 0.26 0.83 2.34 5.80 0.485
205 0.01 0.04 0.20 0.66 2.04 5.69 0.466
206 0.01 0.03 0.16 0.55 1.79 5.48 0.443
207 0.01 0.03 0.13 0.45 1.57 5.27 0.420
208 0.01 0.02 0.11 0.37 1.36 5.07 0.399
209 0.01 0.02 0.09 0.30 1.16 4.88 0.379
210 0.01 0.02 0.07 0.25 0.99 4.66 0.358
211 0.00 0.01 0.06 0.20 0.83 4.46 0.339
212 0.00 0.01 0.05 0.16 0.70 4.25 0.320
213 0.00 0.01 0.04 0.14 0.59 4.04 0.301
214 0.00 0.01 0.03 0.11 0.51 3.81 0.283
215 0.00 0.01 0.03 0.10 0.43 3.60 0.265
216 0.00 0.01 0.02 0.08 0.37 3.38 0.248
217 0.00 0.00 0.02 0.07 0.32 3.18 0.233
218 0.00 0.00 0.02 0.06 0.26 3.00 0.218
219 0.00 0.00 0.01 0.04 0.21 2.83 0.205
220 0.00 0.00 0.01 0.04 0.17 2.66 0.192
221 0.00 0.00 0.01 0.03 0.14 2.51 0.179
222 0.00 0.00 0.01 0.02 0.11 2.35 0.168
223 0.00 0.00 0.01 0.02 0.09 2.20 0.157
224 0.00 0.00 0.00 0.02 0.07 2.06 0.146
225 0.00 0.00 0.00 0.01 0.06 1.92 0.136
226 0.00 0.00 0.00 0.01 0.05 1.79 0.127
227 0.00 0.00 0.00 0.01 0.04 1.67 0.118
228 0.00 0.00 0.00 0.01 0.04 1.56 0.110
229 0.00 0.00 0.00 0.01 0.03 1.45 0.103
230 0.00 0.00 0.00 0.01 0.03 1.36 0.096
231 0.00 0.00 0.00 0.00 0.02 1.26 0.089
232 0.00 0.00 0.00 0.00 0.02 1.18 0.083
233 0.00 0.00 0.00 0.00 0.02 1.10 0.077
234 0.00 0.00 0.00 0.00 0.01 1.02 0.072
235 0.00 0.00 0.00 0.00 0.01 0.95 0.067
236 0.00 0.00 0.00 0.00 0.01 0.88 0.062
237 0.00 0.00 0.00 0.00 0.01 0.82 0.058
238 0.00 0.00 0.00 0.00 0.01 0.76 0.054
239 0.00 0.00 0.00 0.00 0.01 0.72 0.051
240 0.00 0.00 0.00 0.00 0.01 0.68 0.048
241 0.00 0.00 0.00 0.00 0.01 0.65 0.045
242 0.00 0.00 0.00 0.00 0.00 0.61 0.043
243 0.00 0.00 0.00 0.00 0.00 0.58 0.040
244 0.00 0.00 0.00 0.00 0.00 0.55 0.038
245 0.00 0.00 0.00 0.00 0.00 0.52 0.036
246 0.00 0.00 0.00 0.00 0.00 0.49 0.034
247 0.00 0.00 0.00 0.00 0.00 0.46 0.032
248 0.00 0.00 0.00 0.00 0.00 0.44 0.031
249 0.00 0.00 0.00 0.00 0.00 0.41 0.029
250 0.00 0.00 0.00 0.00 0.00 0.39 0.027
251 0.00 0.00 0.00 0.00 0.00 0.37 0.026
252 0.00 0.00 0.00 0.00 0.00 0.35 0.024
253 0.00 0.00 0.00 0.00 0.00 0.33 0.023
254 0.00 0.00 0.00 0.00 0.00 0.31 0.022
255 0.00 0.00 0.00 0.00 0.00 0.29 0.021
256 0.00 0.00 0.00 0.00 0.00 0.28 0.019
257 0.00 0.00 0.00 0.00 0.00 0.26 0.018
258 0.00 0.00 0.00 0.00 0.00 0.25 0.017
259 0.00 0.00 0.00 0.00 0.00 0.23 0.016
260 0.00 0.00 0.00 0.00 0.00 0.22 0.016
261 0.00 0.00 0.00 0.00 0.00 0.21 0.015
262 0.00 0.00 0.00 0.00 0.00 0.20 0.014
263 0.00 0.00 0.00 0.00 0.00 0.19 0.013
264 0.00 0.00 0.00 0.00 0.00 0.18 0.012
265 0.00 0.00 0.00 0.00 0.00 0.17 0.012
266 0.00 0.00 0.00 0.00 0.00 0.16 0.011
267 0.00 0.00 0.00 0.00 0.00 0.15 0.010
268 0.00 0.00 0.00 0.00 0.00 0.14 0.010
269 0.00 0.00 0.00 0.00 0.00 0.13 0.009
270 0.00 0.00 0.00 0.00 0.00 0.13 0.009
271 0.00 0.00 0.00 0.00 0.00 0.12 0.008
272 0.00 0.00 0.00 0.00 0.00 0.11 0.008
273 0.00 0.00 0.00 0.00 0.00 0.11 0.007
274 0.00 0.00 0.00 0.00 0.00 0.10 0.007
275 0.00 0.00 0.00 0.00 0.00 0.09 0.007
276 0.00 0.00 0.00 0.00 0.00 0.10 0.007
277 0.00 0.00 0.00 0.00 0.00 0.10 0.007
278 0.00 0.00 0.00 0.00 0.00 0.10 0.007
279 0.00 0.00 0.00 0.00 0.00 0.10 0.007
280 0.00 0.00 0.00 0.00 0.00 0.10 0.007
281 0.00 0.00 0.00 0.00 0.00 0.10 0.007
